I'm sorry, but errors were detected in your script. Please correct the
errors listed below, and try again.


File "game/prologo.rpy", line 49: expected statement.
    tiempo_perdido = True
                   ^

File "game/prologo.rpy", line 68: expected statement.
    tiempo_perdido = False
                   ^

Ren'Py Version: Ren'Py 8.3.7.25031702
Sun Jun  8 01:02:12 2025
